// Vitest Snapshot v1, https://vitest.dev/guide/snapshot.html

exports[`WarmupSessionTimer > completed snapshot 1`] = `"<section class="rounded-lg border border-border bg-card px-3 py-2" aria-label="Прогресс по времени"><div class="flex flex-wrap items-center justify-between gap-2"><div class="flex items-center gap-2"><span class="text-sm font-semibold text-foreground">⏱ Прогресс по времени</span><span class="inline-flex items-center rounded-md border px-2 py-0.5 text-xs font-medium bg-muted text-foreground border-border">Завершён</span></div><span class="font-mono text-sm font-semibold text-foreground">1:00:00 / 1:00:00 ✓</span></div><progress class="sr-only" max="100" value="100">100%</progress><div aria-hidden="true" class="mt-2 h-2 overflow-hidden rounded-full bg-muted"><div class="h-full rounded-full bg-foreground transition-[width] duration-300 motion-reduce:transition-none" style="width:100%"></div></div></section>"`;

exports[`WarmupSessionTimer > paused snapshot 1`] = `"<section class="rounded-lg border border-border bg-card px-3 py-2" aria-label="Прогресс по времени"><div class="flex flex-wrap items-center justify-between gap-2"><div class="flex items-center gap-2"><span class="text-sm font-semibold text-foreground">⏱ Прогресс по времени</span><span class="inline-flex items-center rounded-md border px-2 py-0.5 text-xs font-medium bg-muted text-muted-foreground border-border">Пауза</span></div><span class="font-mono text-sm font-semibold text-foreground">10:00 / 1:00:00</span></div><progress class="sr-only" max="100" value="17">17%</progress><div aria-hidden="true" class="mt-2 h-2 overflow-hidden rounded-full bg-muted"><div class="h-full rounded-full bg-foreground transition-[width] duration-300 motion-reduce:transition-none" style="width:17%"></div></div></section>"`;

exports[`WarmupSessionTimer > running snapshot 1`] = `"<section class="rounded-lg border border-border bg-card px-3 py-2" aria-label="Прогресс по времени"><div class="flex flex-wrap items-center justify-between gap-2"><div class="flex items-center gap-2"><span class="text-sm font-semibold text-foreground">⏱ Прогресс по времени</span><span class="inline-flex items-center rounded-md border px-2 py-0.5 text-xs font-medium bg-muted text-primary border-border">Идёт</span></div><span class="font-mono text-sm font-semibold text-foreground">0:28 / 1:00:00</span></div><progress class="sr-only" max="100" value="1">1%</progress><div aria-hidden="true" class="mt-2 h-2 overflow-hidden rounded-full bg-muted"><div class="h-full rounded-full bg-foreground transition-[width] duration-300 motion-reduce:transition-none" style="width:1%"></div></div></section>"`;
